property location 'tcp://localhost:8080'

accept ${location}
accepted
connected

read "PRI * HTTP/2.0\r\n"
     "\r\n"
     "SM\r\n"
     "\r\n"

read [0x00 0x00 0x00]                                       # length = 0
     [0x04]                                                 # SETTINGS frame
     [0x00]                                                 # flags = 0x00
     [0x00 0x00 0x00 0x00]                                  # stream_id = 0

write [0x00 0x00 0x00]                                      # length = 0
      [0x04]                                                # SETTINGS frame
      [0x01]                                                # ACK
      [0x00 0x00 0x00 0x00]                                 # stream_id = 0

read [0x00 0x00 0x10]                                       # length = 16
     [0x01]                                                 # HEADERS frame
     [0x04]                                                 # END_HEADERS
     [0x00 0x00 0x00 0x01]                                  # stream_id = 1
     [0x87]                                                 # :scheme: https
     [0x82]                                                 # :method: GET
     [0x41 0x86 0xa0 0xe4 0x1d 0x13 0x9d 0x09]              # :authority: localhost
     [0x44]
     [0x84] [0x62] [0x41] [0xa4] [0x7f]                     # :path: /data

read [0x00 0x00 0x00]                                       # length = 0
     [0x00]                                                 # DATA frame
     [0x01]                                                 # END_STREAM
     [0x00 0x00 0x00 0x01]                                  # stream_id = 1

write [0x00 0x00 0x49]                                      # length = 73
      [0x01]                                                # HEADERS frame
      [0x04]                                                # END_HEADERS
      [0x00 0x00 0x00 0x01]                                 # stream_id = 1
      [0x88]                                                # :status: 200
      [0x0f 0x27] [0x14] "CERN/3.0 libwww/2.17"             # server
      [0x0f 0x12] [0x1d] "Wed, 01 Feb 2017 19:12:46 GMT"    # date
      [0x0f 0x10] [0x09] "text/html"                        # content-type
      [0x0f 0x0d] [0x02] "13"                               # content-length

write [0x00 0x00 0x0d]                                      # length = 12
      [0x00]                                                # DATA frame
      [0x01]                                                # END_STREAM
      [0x00 0x00 0x00 0x01]                                 # stream_id=1
      "hello world 1"

read [0x00 0x00 0x04]
     [0x08]
     [0x00]
     [0x00 0x00 0x00 0x00 0x00 0x00 0x00 0x0d]

read [0x00 0x00 0x04]                                       # length = 16
     [0x01]                                                 # HEADERS frame
     [0x04]                                                 # END_HEADERS
     [0x00 0x00 0x00 0x03]                                  # stream_id = 3
     [0x87]                                                 # :scheme: https
     [0x82]                                                 # :method: GET
     [0xbf]
     [0xbe]

read [0x00 0x00 0x00]                                       # length = 0
     [0x00]                                                 # DATA frame
     [0x01]                                                 # END_STREAM
     [0x00 0x00 0x00 0x03]                                  # stream_id = 3

write [0x00 0x00 0x49]                                      # length = 73
      [0x01]                                                # HEADERS frame
      [0x04]                                                # END_HEADERS
      [0x00 0x00 0x00 0x03]                                 # stream_id = 1
      [0x88]                                                # :status: 200
      [0x0f 0x27] [0x14] "CERN/3.0 libwww/2.17"             # server
      [0x0f 0x12] [0x1d] "Wed, 01 Feb 2017 19:12:46 GMT"    # date
      [0x0f 0x10] [0x09] "text/html"                        # content-type
      [0x0f 0x0d] [0x02] "13"                               # content-length

write [0x00 0x00 0x0d]                                      # length = 12
      [0x00]                                                # DATA frame
      [0x01]                                                # END_STREAM
      [0x00 0x00 0x00 0x03]                                 # stream_id=1
      "hello world 1"

